645	오늘날	These days, nowadays	oneull, nnal
